Copyright 1986-2022 Xilinx, Inc. All Rights Reserved. Copyright 2022-2025 Advanced Micro Devices, Inc. All Rights Reserved.
-----------------------------------------------------------------------------------------------------------------------------------------------------------------
| Tool Version : Vivado v.2025.2 (lin64) Build 6299465 Fri Nov 14 12:34:56 MST 2025
| Date         : Fri Jul 10 10:48:16 2026
| Host         : ip-172-31-0-147 running 64-bit Ubuntu 24.04.1 LTS
| Command      : report_accelerator_utilization -kernels { hbm_bw:WRAPPER/CL/hbm_bw_1/inst:hbm_bw_1} -file kernel_util_routed.rpt -name kernel_util_routed -json
| Design       : top
| Device       : xcvu47p
| Design State : Routed
-----------------------------------------------------------------------------------------------------------------------------------------------------------------

Accelerator Utilization Design Information

Table of Contents
-----------------
1. System Utilization

1. System Utilization
---------------------

+---------------------+-------------------+------------------+-------------------+----------------+---------------+----------------+
| Name                | LUT               | LUTAsMem         | REG               | BRAM           | URAM          | DSP            |
+---------------------+-------------------+------------------+-------------------+----------------+---------------+----------------+
| Platform            |   80943 [  6.22%] |  14359 [  2.39%] |  151620 [  5.82%] |   76 [  3.77%] |   0 [  0.00%] |    3 [  0.03%] |
| User Budget         | 1221377 [100.00%] | 586177 [100.00%] | 2453020 [100.00%] | 1940 [100.00%] | 960 [100.00%] | 9021 [100.00%] |
|    Used Resources   |   39438 [  3.23%] |   9114 [  1.55%] |   57915 [  2.36%] |  272 [ 14.02%] |   0 [  0.00%] |    4 [  0.04%] |
|    Unused Resources | 1181939 [ 96.77%] | 577063 [ 98.45%] | 2395105 [ 97.64%] | 1668 [ 85.98%] | 960 [100.00%] | 9017 [ 99.96%] |
| hbm_bw              |   39438 [  3.23%] |   9114 [  1.55%] |   57915 [  2.36%] |  272 [ 14.02%] |   0 [  0.00%] |    4 [  0.04%] |
|    hbm_bw_1         |   39438 [  3.23%] |   9114 [  1.55%] |   57915 [  2.36%] |  272 [ 14.02%] |   0 [  0.00%] |    4 [  0.04%] |
+---------------------+-------------------+------------------+-------------------+----------------+---------------+----------------+


