Copyright 1986-2022 Xilinx, Inc. All Rights Reserved. Copyright 2022-2025 Advanced Micro Devices, Inc. All Rights Reserved.
---------------------------------------------------------------------------------------------------------------------------------------------
| Tool Version : Vivado v.2025.2 (lin64) Build 6299465 Fri Nov 14 12:34:56 MST 2025
| Date         : Fri Jul 10 10:48:36 2026
| Host         : ip-172-31-0-147 running 64-bit Ubuntu 24.04.1 LTS
| Command      : report_utilization -slr -file slr_util_routed.rpt -pb slr_util_routed.pb
| Design       : top
| Device       : xcvu47p-fsvh2892-2-e
| Speed File   : -2
| Design State : Routed
---------------------------------------------------------------------------------------------------------------------------------------------

Utilization Design Information

Table of Contents
-----------------
1. SLR Connectivity
2. SLR Connectivity Matrix
3. SLR CLB Logic and Dedicated Block Utilization
4. SLR IO Utilization

1. SLR Connectivity
-------------------

+----------------------------------+------+-------+-----------+-------+
|                                  | Used | Fixed | Available | Util% |
+----------------------------------+------+-------+-----------+-------+
| SLR2 <-> SLR1                    | 1844 |       |     23040 |  8.00 |
|   SLR1 -> SLR2                   |  820 |       |           |  3.56 |
|     Using TX_REG only            |  522 |     0 |           |       |
|     Using RX_REG only            |  523 |     0 |           |       |
|     Using Both TX_REG and RX_REG |  522 |     0 |           |       |
|   SLR2 -> SLR1                   | 1024 |       |           |  4.44 |
|     Using TX_REG only            |  699 |     0 |           |       |
|     Using RX_REG only            |  699 |     0 |           |       |
|     Using Both TX_REG and RX_REG |  699 |     0 |           |       |
| SLR1 <-> SLR0                    | 5410 |       |     23040 | 23.48 |
|   SLR0 -> SLR1                   | 3167 |       |           | 13.75 |
|     Using TX_REG only            |  522 |     0 |           |       |
|     Using RX_REG only            |  522 |     0 |           |       |
|     Using Both TX_REG and RX_REG |  522 |     0 |           |       |
|   SLR1 -> SLR0                   | 2243 |       |           |  9.74 |
|     Using TX_REG only            |  699 |     0 |           |       |
|     Using RX_REG only            |  700 |     0 |           |       |
|     Using Both TX_REG and RX_REG |  699 |     0 |           |       |
+----------------------------------+------+-------+-----------+-------+
| Total SLLs Used                  | 7254 |       |           |       |
+----------------------------------+------+-------+-----------+-------+


2. SLR Connectivity Matrix
--------------------------

+-----------+------+------+------+
| FROM \ TO | SLR2 | SLR1 | SLR0 |
+-----------+------+------+------+
| SLR2      |    0 | 1023 |    1 |
| SLR1      |  819 |    0 | 2242 |
| SLR0      |    1 | 3166 |    0 |
+-----------+------+------+------+


3. SLR CLB Logic and Dedicated Block Utilization
------------------------------------------------

+----------------------------+-------+-------+-------+--------+--------+--------+
|          Site Type         |  SLR0 |  SLR1 |  SLR2 | SLR0 % | SLR1 % | SLR2 % |
+----------------------------+-------+-------+-------+--------+--------+--------+
| CLB                        |  7571 | 12751 | 11353 |  13.78 |  23.61 |  21.02 |
|   CLBL                     |  3814 |  6801 |  5893 |  13.03 |  23.23 |  20.13 |
|   CLBM                     |  3757 |  5950 |  5460 |  14.63 |  24.07 |  22.09 |
| CLB LUTs                   | 24841 | 46174 | 49362 |   5.65 |  10.69 |  11.43 |
|   LUT as Logic             | 18906 | 37059 | 40939 |   4.30 |   8.58 |   9.48 |
|     using O5 output only   |  1235 |   309 |  1045 |   0.28 |   0.07 |   0.24 |
|     using O6 output only   | 10337 | 29902 | 21815 |   2.35 |   6.92 |   5.05 |
|     using O5 and O6        |  7334 |  6848 | 18079 |   1.67 |   1.59 |   4.18 |
|   LUT as Memory            |  5935 |  9115 |  8423 |   2.89 |   4.61 |   4.26 |
|     LUT as Distributed RAM |  4308 |     0 |  5774 |   2.10 |   0.00 |   2.92 |
|       using O6 output only |     6 |     0 |    14 |  <0.01 |   0.00 |  <0.01 |
|       using O5 and O6      |  4302 |     0 |  5760 |   2.09 |   0.00 |   2.91 |
|     LUT as Shift Register  |  1627 |  9115 |  2649 |   0.79 |   4.61 |   1.34 |
|       using O6 output only |  1627 |  9099 |  2288 |   0.79 |   4.60 |   1.16 |
|       using O5 and O6      |     0 |    16 |   361 |   0.00 |  <0.01 |   0.18 |
| CLB Registers              | 45719 | 75019 | 88797 |   5.20 |   8.68 |  10.28 |
| CARRY8                     |   342 |  1723 |   247 |   0.62 |   3.19 |   0.46 |
| F7 Muxes                   |   758 |  3649 |  1434 |   0.34 |   1.69 |   0.66 |
| F8 Muxes                   |     0 |   121 |    94 |   0.00 |   0.11 |   0.09 |
| F9 Muxes                   |     0 |     0 |     0 |   0.00 |   0.00 |   0.00 |
| Block RAM Tile             |     4 |   274 |    70 |   0.60 |  40.77 |  10.42 |
|   RAMB36/FIFO              |     4 |   258 |    68 |   0.60 |  38.39 |  10.12 |
|   RAMB18                   |     0 |    32 |     4 |   0.00 |   2.38 |   0.30 |
| URAM                       |     0 |     0 |     0 |   0.00 |   0.00 |   0.00 |
| DSPs                       |     0 |     4 |     3 |   0.00 |   0.13 |   0.10 |
| Unique Control Sets        |  1870 |  1509 |  2065 |   1.70 |   1.40 |   1.91 |
+----------------------------+-------+-------+-------+--------+--------+--------+
* Note: Available Control Sets based on CLB Registers / 8


4. SLR IO Utilization
---------------------

+-----------+-----------+---------+------------+----------+------------+----------+-----+
| SLR Index | Used IOBs | (%)IOBs | Used IPADs | (%)IPADs | Used OPADs | (%)OPADs | GTs |
+-----------+-----------+---------+------------+----------+------------+----------+-----+
| SLR2      |       145 |   69.71 |          0 |     0.00 |          0 |     0.00 |   0 |
| SLR1      |         9 |    4.33 |          0 |     0.00 |          0 |     0.00 |   0 |
| SLR0      |         4 |    1.92 |          0 |     0.00 |          0 |     0.00 |   0 |
+-----------+-----------+---------+------------+----------+------------+----------+-----+
| Total     |       158 |         |          0 |          |          0 |          |   0 |
+-----------+-----------+---------+------------+----------+------------+----------+-----+


